dwt_stm32_delay.h:25:22:DWT_Delay_us	24	static
main.c:56:2:__io_putchar	16	static
main.c:117:6:HAL_UART_RxCpltCallback	48	static
main.c:262:6:send_set_step_dir_DLY_x_axis	32	static
main.c:292:6:send_set_step_dir_DLY_y_axis	32	static
main.c:323:6:HAL_TIM_PWM_PulseFinishedCallback	16	static
main.c:393:6:send_set_step_dir_PWM_X_axis	24	static
main.c:433:6:send_set_step_dir_PWM_Y_axis	24	static
main.c:478:7:get_dip_sw_setting	8	static
main.c:504:5:main	32	static
main.c:637:6:SystemClock_Config	72	static
main.c:679:6:Error_Handler	4	static
